// Jest Snapshot v1, https://goo.gl/fbAQLP

exports[`<Checkbox /> should match snapshot 1`] = `
<label
  class="sc-AxirZ sc-AxiKw ghYyfT"
>
  <input
    class="sc-AxjAm sc-fzozJi blHsFN"
    shape="default"
    type="checkbox"
  />
  <div
    class="sc-AxgMl fFPQpl"
  >
    <div
      class="sc-AxheI fniENP"
    >
      <div
        class="sc-Axmtr hBVTto"
      />
      <div
        class="sc-AxmLO cAKCgh"
      />
    </div>
  </div>
  <span
    class="sc-AxhCb sc-AxhUy ddbdQq"
  >
    Label
  </span>
</label>
`;
