// Jest Snapshot v1, https://goo.gl/fbAQLP

exports[`<Radio /> should match snapshot 1`] = `
<label
  class="sc-AxirZ sc-AxiKw ghYyfT"
>
  <input
    checked=""
    class="sc-AxjAm sc-AxmLO SkGAo"
    type="radio"
  />
  <div
    class="sc-AxgMl fFPQpl"
  >
    <div
      class="sc-AxheI fniENP"
    >
      <div
        class="sc-Axmtr hBVTto"
      />
    </div>
  </div>
  <span
    class="sc-AxhCb sc-AxhUy iqrywF"
  >
    Label
  </span>
</label>
`;
