// Jest Snapshot v1, https://goo.gl/fbAQLP

exports[`<Select /> should match snapshot 1`] = `
<div
  class="sc-AxjAm sc-fznKkj gdHwSh"
>
  <label
    class="sc-fznZeY sc-fzokOt irGTil"
  >
    Label
  </label>
  <div
    class="sc-fzqBZW sc-fzqNJr dxETip"
    display="block"
    font-family="inherit"
    placeholder="Placeholder..."
    shape="default"
    width="100%"
  >
    <div
      class="sc-AxjAm sc-AxirZ bcPEjQ"
      shape="default"
      type="primary"
      value="value-1"
    >
      Value-1
    </div>
    <div
      class="sc-AxjAm sc-AxirZ bcPEjQ src-option-active"
      shape="default"
      type="primary"
      value="value-2"
    >
      Value-2
    </div>
    <div
      class="sc-AxjAm sc-AxirZ bcPEjQ"
      shape="default"
      type="primary"
      value="value-3"
    >
      Value-3
    </div>
  </div>
</div>
`;
