// Jest Snapshot v1, https://goo.gl/fbAQLP

exports[`<Switch /> should match snapshot 1`] = `
<label
  class="sc-AxirZ sc-AxiKw ghYyfT"
>
  <input
    class="sc-AxjAm sc-Axmtr dJCpfh"
    type="checkbox"
  />
  <div
    class="sc-AxgMl fFPQpl"
  >
    <div
      class="sc-AxheI fniENP"
    />
  </div>
  <span
    class="sc-AxhCb sc-AxhUy ddbdQq"
  >
    Label
  </span>
</label>
`;
