// Jest Snapshot v1, https://goo.gl/fbAQLP

exports[`<Textarea /> should match snapshot 1`] = `
<div
  class="sc-AxirZ sc-AxgMl dpMpMi"
>
  <label
    class="sc-AxheI sc-Axmtr iRWDTw"
  >
    Label
  </label>
  <textarea
    class="sc-AxmLO sc-fzozJi sc-fzoLsD bXerVi"
    display="block"
    font-family="inherit"
    placeholder="Placeholder..."
    shape="default"
    width="100%"
  />
</div>
`;
