// Jest Snapshot v1, https://goo.gl/fbAQLP

exports[`<FixedBox /> should not render component when status false 1`] = `
<DocumentFragment>
  <button>
    Button
  </button>
</DocumentFragment>
`;

exports[`<FixedBox /> should render component when status true 1`] = `
<DocumentFragment>
  @media (max-width:767px) {

}

@media (max-width:767px) {

}

@media (max-width:767px) {

}

@media (min-width:768px) {

}

<button>
    Button
  </button>
  .c0 {
  position: fixed;
  z-index: 2000;
}

.c2 {
  overflow: auto;
  position: fixed;
  z-index: 1000;
}

@media (max-width:767px) {
  .c0 {
    box-sizing: border-box;
    display: -webkit-box;
    display: -webkit-flex;
    display: -ms-flexbox;
    display: flex;
    -webkit-box-pack: center;
    -webkit-justify-content: center;
    -ms-flex-pack: center;
    justify-content: center;
    height: 100%;
    left: 0;
    padding: 1.75rem;
    top: 0;
    touch-action: none;
    width: 100%;
    background: rgba(0,0,0,.3);
  }
}

@media (max-width:767px) {
  .c2 {
    height: auto !important;
    max-height: 100% !important;
    position: static;
    width: 100% !important;
  }
}

@media (max-width:767px) {
  .c1 {
    -webkit-align-items: center;
    -webkit-box-align: center;
    -ms-flex-align: center;
    align-items: center;
    will-change: opacity;
  }

  .c1.src-fixed-box-show {
    opacity: 0;
  }

  .c1.src-fixed-box-show-active {
    opacity: 1;
  }

  .c1.src-fixed-box-hide {
    opacity: 1;
  }

  .c1.src-fixed-box-hide-active {
    opacity: 0;
  }

  .c1.src-fixed-box-show-active,
  .c1.src-fixed-box-hide-active {
    -webkit-transition: opacity 300ms 0s ease-in-out;
    transition: opacity 300ms 0s ease-in-out;
  }
}

@media (min-width:768px) {
  .c1 > * {
    will-change: opacity,transform;
  }

  .c1.src-fixed-box-show > * {
    opacity: 0;
    -webkit-transform: translateY(60px);
    -ms-transform: translateY(60px);
    transform: translateY(60px);
  }

  .c1.src-fixed-box-show-active > * {
    opacity: 1;
    -webkit-transform: translateY(0);
    -ms-transform: translateY(0);
    transform: translateY(0);
  }

  .c1.src-fixed-box-hide > * {
    opacity: 1;
    -webkit-transform: translateY(0);
    -ms-transform: translateY(0);
    transform: translateY(0);
  }

  .c1.src-fixed-box-hide-active > * {
    opacity: 0;
    -webkit-transform: translateY(60px);
    -ms-transform: translateY(60px);
    transform: translateY(60px);
  }

  .c1.src-fixed-box-show-active > *,
  .c1.src-fixed-box-hide-active > * {
    -webkit-transition: 300ms 0s ease-in-out;
    transition: 300ms 0s ease-in-out;
    -webkit-transition-property: opacity,-webkit-transform;
    -webkit-transition-property: opacity,transform;
    transition-property: opacity,transform;
  }
}

<div
    class=" c0 c1 sc-gsnTZi  c0"
  >
    <div
      class=" c2"
      style="
    left: 0px;
    top: 0px;
    width: 0px;
    height: 0px;
  "
    >
      <div>
        Box
      </div>
    </div>
  </div>
</DocumentFragment>
`;
