// Jest Snapshot v1, https://goo.gl/fbAQLP

exports[`<FixedBox /> should not render component when status false 1`] = `
<DocumentFragment>
  <button>
    Button
  </button>
</DocumentFragment>
`;

exports[`<FixedBox /> should render component when status true 1`] = `
<DocumentFragment>
  @media (max-width:767px) {

}

@media (max-width:767px) {

}

<button>
    Button
  </button>
  .c3 {
  height: 100%;
  left: 0;
  position: absolute;
  top: 0;
  width: 100%;
}

.c2 {
  position: fixed;
  z-index: 2000;
}

.c0 {
  position: fixed;
  z-index: 2000;
}

.c4 {
  overflow: auto;
  position: fixed;
  z-index: 1000;
}

.c1 > * {
  will-change: opacity,transform;
}

.c1.src-fixed-box-show > * {
  opacity: 0;
  -webkit-transform: translateY(60px);
  -ms-transform: translateY(60px);
  transform: translateY(60px);
}

.c1.src-fixed-box-show-active > * {
  opacity: 1;
  -webkit-transform: translateY(0);
  -ms-transform: translateY(0);
  transform: translateY(0);
}

.c1.src-fixed-box-hide > * {
  opacity: 1;
  -webkit-transform: translateY(0);
  -ms-transform: translateY(0);
  transform: translateY(0);
}

.c1.src-fixed-box-hide-active > * {
  opacity: 0;
  -webkit-transform: translateY(60px);
  -ms-transform: translateY(60px);
  transform: translateY(60px);
}

.c1.src-fixed-box-show-active > *,
.c1.src-fixed-box-hide-active > * {
  -webkit-transition: undefinedms 0s ease-in-out;
  transition: undefinedms 0s ease-in-out;
  -webkit-transition-property: opacity,-webkit-transform;
  -webkit-transition-property: opacity,transform;
  transition-property: opacity,transform;
}

@media (max-width:767px) {
  .c2 {
    box-sizing: border-box;
    display: -webkit-box;
    display: -webkit-flex;
    display: -ms-flexbox;
    display: flex;
    -webkit-box-pack: center;
    -webkit-justify-content: center;
    -ms-flex-pack: center;
    justify-content: center;
    height: 100%;
    left: 0;
    padding: 1.75rem 1.75rem;
    top: 0;
    touch-action: none;
    width: 100%;
    background: rgba(0,0,0,.3);
  }
}

@media (max-width:767px) {
  .c4 {
    height: auto !important;
    max-height: 100% !important;
    position: static;
    width: 100% !important;
  }
}

<div
    class=" c0 c1 sc-bczRLJ sc-gsnTZi  c2"
  >
    <div
      class="c3"
    />
    <div
      class=" c4"
      style="pointer-events: none; visibility: hidden;"
    >
      <div>
        Box
      </div>
    </div>
  </div>
</DocumentFragment>
`;
