// Jest Snapshot v1, https://goo.gl/fbAQLP

exports[`<DateYear /> should match snapshot 1`] = `
<div>
  <ul
    class="sc-AxjAm bzDpNA"
  >
    <li
      class="sc-AxirZ bpurbs src-date-picker-date-item src-date-picker-date-item src-date-picker-item  "
    >
      Jan
    </li>
    <li
      class="sc-AxirZ bpurbs src-date-picker-date-item src-date-picker-date-item src-date-picker-item  "
    >
      Feb
    </li>
    <li
      class="sc-AxirZ bpurbs src-date-picker-date-item src-date-picker-date-item src-date-picker-item  "
    >
      Mar
    </li>
    <li
      class="sc-AxirZ bpurbs src-date-picker-date-item src-date-picker-date-item src-date-picker-item  "
    >
      Apr
    </li>
  </ul>
  <ul
    class="sc-AxjAm bzDpNA"
  >
    <li
      class="sc-AxirZ bpurbs src-date-picker-date-item src-date-picker-date-item src-date-picker-item  "
    >
      May
    </li>
    <li
      class="sc-AxirZ bpurbs src-date-picker-date-item src-date-picker-date-item src-date-picker-item  "
    >
      Jun
    </li>
    <li
      class="sc-AxirZ bpurbs src-date-picker-date-item src-date-picker-date-item src-date-picker-item src-date-picker-item-active "
    >
      Jul
    </li>
    <li
      class="sc-AxirZ bpurbs src-date-picker-date-item src-date-picker-date-item src-date-picker-item  "
    >
      Aug
    </li>
  </ul>
  <ul
    class="sc-AxjAm bzDpNA"
  >
    <li
      class="sc-AxirZ bpurbs src-date-picker-date-item src-date-picker-date-item src-date-picker-item  "
    >
      Sep
    </li>
    <li
      class="sc-AxirZ bpurbs src-date-picker-date-item src-date-picker-date-item src-date-picker-item  "
    >
      Oct
    </li>
    <li
      class="sc-AxirZ bpurbs src-date-picker-date-item src-date-picker-date-item src-date-picker-item  "
    >
      Nov
    </li>
    <li
      class="sc-AxirZ bpurbs src-date-picker-date-item src-date-picker-date-item src-date-picker-item  "
    >
      Dec
    </li>
  </ul>
  <ul
    class="sc-AxjAm bzDpNA"
  >
    <li
      class="sc-AxirZ bpurbs src-date-picker-date-item src-date-picker-date-item src-date-picker-item  src-date-picker-item-inactive"
    >
      Jan
    </li>
    <li
      class="sc-AxirZ bpurbs src-date-picker-date-item src-date-picker-date-item src-date-picker-item  src-date-picker-item-inactive"
    >
      Feb
    </li>
    <li
      class="sc-AxirZ bpurbs src-date-picker-date-item src-date-picker-date-item src-date-picker-item  src-date-picker-item-inactive"
    >
      Mar
    </li>
    <li
      class="sc-AxirZ bpurbs src-date-picker-date-item src-date-picker-date-item src-date-picker-item  src-date-picker-item-inactive"
    >
      Apr
    </li>
  </ul>
</div>
`;
