// Jest Snapshot v1, https://goo.gl/fbAQLP

exports[`<DateDecade /> should match snapshot 1`] = `
<div>
  <ul
    class="sc-AxjAm bzDpNA"
  >
    <li
      class="sc-AxirZ bpurbs src-date-picker-date-item src-date-picker-date-item src-date-picker-item src-date-picker-item-active "
    >
      2020
    </li>
    <li
      class="sc-AxirZ bpurbs src-date-picker-date-item src-date-picker-date-item src-date-picker-item  "
    >
      2021
    </li>
    <li
      class="sc-AxirZ bpurbs src-date-picker-date-item src-date-picker-date-item src-date-picker-item  "
    >
      2022
    </li>
    <li
      class="sc-AxirZ bpurbs src-date-picker-date-item src-date-picker-date-item src-date-picker-item  "
    >
      2023
    </li>
  </ul>
  <ul
    class="sc-AxjAm bzDpNA"
  >
    <li
      class="sc-AxirZ bpurbs src-date-picker-date-item src-date-picker-date-item src-date-picker-item  "
    >
      2024
    </li>
    <li
      class="sc-AxirZ bpurbs src-date-picker-date-item src-date-picker-date-item src-date-picker-item  "
    >
      2025
    </li>
    <li
      class="sc-AxirZ bpurbs src-date-picker-date-item src-date-picker-date-item src-date-picker-item  "
    >
      2026
    </li>
    <li
      class="sc-AxirZ bpurbs src-date-picker-date-item src-date-picker-date-item src-date-picker-item  "
    >
      2027
    </li>
  </ul>
  <ul
    class="sc-AxjAm bzDpNA"
  >
    <li
      class="sc-AxirZ bpurbs src-date-picker-date-item src-date-picker-date-item src-date-picker-item  "
    >
      2028
    </li>
    <li
      class="sc-AxirZ bpurbs src-date-picker-date-item src-date-picker-date-item src-date-picker-item  "
    >
      2029
    </li>
    <li
      class="sc-AxirZ bpurbs src-date-picker-date-item src-date-picker-date-item src-date-picker-item  src-date-picker-item-inactive"
    >
      2030
    </li>
    <li
      class="sc-AxirZ bpurbs src-date-picker-date-item src-date-picker-date-item src-date-picker-item  src-date-picker-item-inactive"
    >
      2031
    </li>
  </ul>
  <ul
    class="sc-AxjAm bzDpNA"
  >
    <li
      class="sc-AxirZ bpurbs src-date-picker-date-item src-date-picker-date-item src-date-picker-item  src-date-picker-item-inactive"
    >
      2032
    </li>
    <li
      class="sc-AxirZ bpurbs src-date-picker-date-item src-date-picker-date-item src-date-picker-item  src-date-picker-item-inactive"
    >
      2033
    </li>
    <li
      class="sc-AxirZ bpurbs src-date-picker-date-item src-date-picker-date-item src-date-picker-item  src-date-picker-item-inactive"
    >
      2034
    </li>
    <li
      class="sc-AxirZ bpurbs src-date-picker-date-item src-date-picker-date-item src-date-picker-item  src-date-picker-item-inactive"
    >
      2035
    </li>
  </ul>
</div>
`;
