// Jest Snapshot v1, https://goo.gl/fbAQLP

exports[`<HourPicker /> should match snapshot 1`] = `
<div
  class="sc-AxjAm fWHnbW"
  display="flex"
  height="100%"
>
  <div
    class="sc-AxhUy cEMENP"
  >
    <div
      class="sc-AxgMl fMslRT src-date-picker-hour-arrow-container src-date-picker-hour-element"
    >
      <svg
        class="sc-AxirZ sc-AxiKw cydMjH"
        viewBox="0 0 1792 1792"
      >
        <path
          d="M1395 1184q0 13-10 23l-50 50q-10 10-23 10t-23-10l-393-393-393 393q-10 10-23 10t-23-10l-50-50q-10-10-10-23t10-23l466-466q10-10 23-10t23 10l466 466q10 10 10 23z"
        />
      </svg>
    </div>
    <div
      class="sc-AxgMl fMslRT src-date-picker-hour-arrow-container src-date-picker-hour-element"
    >
      <svg
        class="sc-AxirZ sc-AxiKw cydMjH"
        viewBox="0 0 1792 1792"
      >
        <path
          d="M1395 1184q0 13-10 23l-50 50q-10 10-23 10t-23-10l-393-393-393 393q-10 10-23 10t-23-10l-50-50q-10-10-10-23t10-23l466-466q10-10 23-10t23 10l466 466q10 10 10 23z"
        />
      </svg>
    </div>
    <div
      class="sc-AxgMl fMslRT src-date-picker-hour-arrow-container src-date-picker-hour-element"
    >
      <svg
        class="sc-AxirZ sc-AxiKw cydMjH"
        viewBox="0 0 1792 1792"
      >
        <path
          d="M1395 1184q0 13-10 23l-50 50q-10 10-23 10t-23-10l-393-393-393 393q-10 10-23 10t-23-10l-50-50q-10-10-10-23t10-23l466-466q10-10 23-10t23 10l466 466q10 10 10 23z"
        />
      </svg>
    </div>
  </div>
  <div
    class="sc-AxhUy cEMENP"
  >
    <input
      class="sc-AxheI llGSqL src-date-picker-hour-input src-date-picker-hour-element"
      spellcheck="false"
      value="06"
    />
    <input
      class="sc-AxheI llGSqL src-date-picker-hour-input src-date-picker-hour-element"
      spellcheck="false"
      value="30"
    />
    <input
      class="sc-AxheI llGSqL src-date-picker-hour-input src-date-picker-hour-element"
      spellcheck="false"
      value="PM"
    />
  </div>
  <div
    class="sc-AxhUy cEMENP"
  >
    <div
      class="sc-AxgMl fMslRT src-date-picker-hour-arrow-container src-date-picker-hour-element"
    >
      <svg
        class="sc-AxirZ sc-AxhCb lnpmyP"
        viewBox="0 0 1792 1792"
      >
        <path
          d="M1395 736q0 13-10 23l-466 466q-10 10-23 10t-23-10l-466-466q-10-10-10-23t10-23l50-50q10-10 23-10t23 10l393 393 393-393q10-10 23-10t23 10l50 50q10 10 10 23z"
        />
      </svg>
    </div>
    <div
      class="sc-AxgMl fMslRT src-date-picker-hour-arrow-container src-date-picker-hour-element"
    >
      <svg
        class="sc-AxirZ sc-AxhCb lnpmyP"
        viewBox="0 0 1792 1792"
      >
        <path
          d="M1395 736q0 13-10 23l-466 466q-10 10-23 10t-23-10l-466-466q-10-10-10-23t10-23l50-50q10-10 23-10t23 10l393 393 393-393q10-10 23-10t23 10l50 50q10 10 10 23z"
        />
      </svg>
    </div>
    <div
      class="sc-AxgMl fMslRT src-date-picker-hour-arrow-container src-date-picker-hour-element"
    >
      <svg
        class="sc-AxirZ sc-AxhCb lnpmyP"
        viewBox="0 0 1792 1792"
      >
        <path
          d="M1395 736q0 13-10 23l-466 466q-10 10-23 10t-23-10l-466-466q-10-10-10-23t10-23l50-50q10-10 23-10t23 10l393 393 393-393q10-10 23-10t23 10l50 50q10 10 10 23z"
        />
      </svg>
    </div>
  </div>
</div>
`;
