// Jest Snapshot v1, https://goo.gl/fbAQLP

exports[`<Select /> should match snapshot 1`] = `
<div
  class="sc-fzpans sc-fzplWN cXylyC"
  data-src-active="false"
  data-src-placeholder-style="false"
  data-src-wave-effect="0"
  id="button"
  shape="default"
  tabindex="0"
>
  <div
    class="sc-AxjAm bSfLnR"
    display="flex"
  >
    <div
      class="sc-AxjAm jfvPlI"
    >
      Value-2
    </div>
    <svg
      class="sc-AxhUy sc-fzozJi iXmFV"
      viewBox="5 4 14 14"
    >
      <path
        d="M7.41 7.84L12 12.42l4.59-4.58L18 9.25l-6 6-6-6z"
      />
    </svg>
  </div>
</div>
`;
