// Jest Snapshot v1, https://goo.gl/fbAQLP

exports[`<ButtonLink /> should render component 1`] = `
<DocumentFragment>
  .c0 {
  -webkit-text-decoration: none;
  text-decoration: none;
  isolation: isolate;
  overflow: hidden;
  position: relative;
  -webkit-tap-highlight-color: transparent;
}

.c0 .src-button-content {
  font-size: .875rem;
  padding: .45rem .9rem;
}

.c0 .src-button-content > :not(:last-child) {
  margin-right: 0.225rem;
}

.c1 {
  -webkit-align-items: stretch;
  -webkit-box-align: stretch;
  -ms-flex-align: stretch;
  align-items: stretch;
  background: transparent;
  border: 0;
  border-radius: .125rem;
  cursor: pointer;
  font-family: inherit;
  position: relative;
  -webkit-transition: box-shadow 300ms 0s ease-in-out;
  transition: box-shadow 300ms 0s ease-in-out;
  -webkit-user-select: none;
  -moz-user-select: none;
  -ms-user-select: none;
  user-select: none;
  display: -webkit-inline-box;
  display: -webkit-inline-flex;
  display: -ms-inline-flexbox;
  display: inline-flex;
  -webkit-flex: 0 1 auto;
  -ms-flex: 0 1 auto;
  flex: 0 1 auto;
}

.c1:active {
  outline: 0;
}

.c1 .src-button-content {
  border-color: transparent;
  color: #0665d0;
  fill: #0665d0;
}

.c1:hover .src-button-content {
  color: #0552A9;
  -webkit-text-decoration: underline;
  text-decoration: underline;
}

.c1:focus {
  box-shadow: 0 0 0 .15rem rgba(6,101,208,0.5);
}

.c1 .src-button-content {
  border-radius: .125rem;
}

.c2 {
  -webkit-align-items: center;
  -webkit-box-align: center;
  -ms-flex-align: center;
  align-items: center;
  border: solid 1px;
  box-sizing: border-box;
  display: -webkit-box;
  display: -webkit-flex;
  display: -ms-flexbox;
  display: flex;
  fill: currentcolor;
  -webkit-flex: 1 1 auto;
  -ms-flex: 1 1 auto;
  flex: 1 1 auto;
  -webkit-transition: 300ms 0s ease-in-out;
  transition: 300ms 0s ease-in-out;
  -webkit-transition-property: background,border,color,fill;
  transition-property: background,border,color,fill;
  word-break: break-word;
  word-wrap: break-word;
}

<a
    class="c0 c1"
    href="/link"
    shape="rectangle"
  >
    <span
      class="c2 src-button-content"
    >
      Link
    </span>
  </a>
</DocumentFragment>
`;
