// Jest Snapshot v1, https://goo.gl/fbAQLP

exports[`<Buttons /> should match snapshot 1`] = `
<div
  class="sc-Axmtr fFPKYE"
>
  <a
    class="sc-AxirZ sc-AxiKw bvfXbn"
    data-src-wave-effect="0"
    shape="default"
    tabindex="0"
  >
    <svg
      class="sc-AxhUy sc-AxgMl ewSVZA"
      viewBox="0 0 24 24"
    >
      <path
        d="M0 0h24v24H0z"
        fill="none"
      />
      <path
        d="M17 3H5c-1.11 0-2 .9-2 2v14c0 1.1.89 2 2 2h14c1.1 0 2-.9 2-2V7l-4-4zm-5 16c-1.66 0-3-1.34-3-3s1.34-3 3-3 3 1.34 3 3-1.34 3-3 3zm3-10H5V5h10v4z"
      />
    </svg>
    Save
  </a>
  <a
    class="sc-AxirZ sc-AxiKw bvfXbn"
    data-src-wave-effect="0"
    shape="default"
    tabindex="0"
  >
    <svg
      class="sc-AxhUy sc-AxheI dVkpdy"
      viewBox="0 0 1792 1792"
    >
      <path
        d="M1490 1322q0 40-28 68l-136 136q-28 28-68 28t-68-28l-294-294-294 294q-28 28-68 28t-68-28l-136-136q-28-28-28-68t28-68l294-294-294-294q-28-28-28-68t28-68l136-136q28-28 68-28t68 28l294 294 294-294q28-28 68-28t68 28l136 136q28 28 28 68t-28 68l-294 294 294 294q28 28 28 68z"
      />
    </svg>
    Cancel
  </a>
</div>
`;
