// Jest Snapshot v1, https://goo.gl/fbAQLP

exports[`<ColorPicker /> should match snapshot 1`] = `
<div
  class="sc-AxgMl sc-AxheI hfdWkH"
>
  <div
    class="sc-Axmtr fRotk"
  >
    <div
      class="sc-AxjAm crxhoX"
    >
      <div>
        <div
          class="src-color-picker-gradient-light"
        >
          <div
            class="src-color-picker-gradient-dark src-color-picker-picker-shadow"
          >
            <span
              class="sc-AxirZ bhwKok"
            />
          </div>
        </div>
      </div>
    </div>
    <div
      class="sc-AxiKw iXaAZB src-color-picker-picker-shadow"
    >
      <span
        class="sc-AxhUy kMyssT"
      />
    </div>
    <div
      class="sc-AxhCb ccMvAG src-color-picker-bg-transparent"
    >
      <div
        class="src-color-picker-picker-shadow"
      >
        <span
          class="sc-AxhUy kMyssT"
        />
      </div>
    </div>
  </div>
  <div
    class="sc-fzpans jTWdHJ"
  >
    <div
      class="src-color-picker-bg-transparent"
    >
      <div>
        <div
          data-src-transparent-bg="true"
        >
          <div
            class="sc-AxgMl sc-fzplWN bOgUtl"
            height="100%"
            style="background:red"
          >
            <svg
              class="sc-fzozJi sc-fznyAO hrrMRa"
              viewBox="0 0 24 24"
            >
              <path
                d="M12 3c-4.97 0-9 4.03-9 9s4.03 9 9 9c.83 0 1.5-.67 1.5-1.5 0-.39-.15-.74-.39-1.01-.23-.26-.38-.61-.38-.99 0-.83.67-1.5 1.5-1.5H16c2.76 0 5-2.24 5-5 0-4.42-4.03-8-9-8zm-5.5 9c-.83 0-1.5-.67-1.5-1.5S5.67 9 6.5 9 8 9.67 8 10.5 7.33 12 6.5 12zm3-4C8.67 8 8 7.33 8 6.5S8.67 5 9.5 5s1.5.67 1.5 1.5S10.33 8 9.5 8zm5 0c-.83 0-1.5-.67-1.5-1.5S13.67 5 14.5 5s1.5.67 1.5 1.5S15.33 8 14.5 8zm3 4c-.83 0-1.5-.67-1.5-1.5S16.67 9 17.5 9s1.5.67 1.5 1.5-.67 1.5-1.5 1.5z"
              />
              <path
                d="M0 0h24v24H0z"
                fill="none"
              />
            </svg>
          </div>
        </div>
        <input
          class="sc-AxmLO hidgxr"
          spellcheck="false"
        />
        <div
          class="sc-AxgMl sc-fzplWN bstUuD"
        >
          <svg
            class="sc-fzozJi sc-fzoLsD gdXpyH"
            viewBox="0 0 2048 1792"
          >
            <path
              d="M960 1408l336-384h-768l-336 384h768zm1013-1077q15 34 9.5 71.5t-30.5 65.5l-896 1024q-38 44-96 44h-768q-38 0-69.5-20.5t-47.5-54.5q-15-34-9.5-71.5t30.5-65.5l896-1024q38-44 96-44h768q38 0 69.5 20.5t47.5 54.5z"
            />
          </svg>
        </div>
      </div>
    </div>
  </div>
  <div
    class="sc-fzoyAV fRxIsH"
  >
    <a
      class="sc-fznZeY sc-fzokOt kkIwyz"
      data-src-wave-effect="0"
      shape="default"
      tabindex="0"
    >
      <svg
        class="sc-fzozJi sc-fzqBZW eMpEIZ"
        viewBox="0 0 24 24"
      >
        <path
          d="M0 0h24v24H0z"
          fill="none"
        />
        <path
          d="M17 3H5c-1.11 0-2 .9-2 2v14c0 1.1.89 2 2 2h14c1.1 0 2-.9 2-2V7l-4-4zm-5 16c-1.66 0-3-1.34-3-3s1.34-3 3-3 3 1.34 3 3-1.34 3-3 3zm3-10H5V5h10v4z"
        />
      </svg>
      Save
    </a>
    <a
      class="sc-fznZeY sc-fzokOt kkIwyz"
      data-src-wave-effect="0"
      shape="default"
      tabindex="0"
    >
      <svg
        class="sc-fzozJi sc-fzqNJr bMndKc"
        viewBox="0 0 1792 1792"
      >
        <path
          d="M1490 1322q0 40-28 68l-136 136q-28 28-68 28t-68-28l-294-294-294 294q-28 28-68 28t-68-28l-136-136q-28-28-28-68t28-68l294-294-294-294q-28-28-28-68t28-68l136-136q28-28 68-28t68 28l294 294 294-294q28-28 68-28t68 28l136 136q28 28 28 68t-28 68l-294 294 294 294q28 28 28 68z"
        />
      </svg>
      Cancel
    </a>
  </div>
  <div
    class="sc-fzqARJ eWhhgy"
  >
    <svg
      class="sc-fzozJi sc-fzoLag sc-fzoXzr ddwyYY"
      viewBox="0 0 1792 1792"
    >
      <path
        d="M1395 864q0 13-10 23l-466 466q-10 10-23 10t-23-10l-466-466q-10-10-10-23t10-23l50-50q10-10 23-10t23 10l393 393 393-393q10-10 23-10t23 10l50 50q10 10 10 23zm0-384q0 13-10 23l-466 466q-10 10-23 10t-23-10l-466-466q-10-10-10-23t10-23l50-50q10-10 23-10t23 10l393 393 393-393q10-10 23-10t23 10l50 50q10 10 10 23z"
      />
    </svg>
  </div>
</div>
`;
