// Jest Snapshot v1, https://goo.gl/fbAQLP

exports[`<MajorPicker /> should match snapshot 1`] = `
<div
  class="sc-AxjAm crxhoX"
>
  <div>
    <div
      class="src-color-picker-gradient-light"
    >
      <div
        class="src-color-picker-gradient-dark src-color-picker-picker-shadow"
      >
        <span
          class="sc-AxirZ bhwKok"
        />
      </div>
    </div>
  </div>
</div>
`;
