// Jest Snapshot v1, https://goo.gl/fbAQLP

exports[`<Textarea /> should render component 1`] = `
<DocumentFragment>
  .c2 {
  display: -webkit-box;
  display: -webkit-flex;
  display: -ms-flexbox;
  display: flex;
  -webkit-flex: 1 1 auto;
  -ms-flex: 1 1 auto;
  flex: 1 1 auto;
}

.c0 {
  display: block;
}

.c0 > span {
  margin-bottom: .5rem;
}

.c0 > span {
  font-size: 1rem;
}

.c1 > span {
  color: #323a46;
  display: block;
  word-break: break-word;
  word-wrap: break-word;
  -webkit-tap-highlight-color: transparent;
  cursor: default;
}

.c4 {
  resize: none;
  font-size: .875rem;
  padding: .45rem .9rem;
}

.c5 {
  border: 0;
  border-radius: 0;
  -webkit-flex: 1 1 auto;
  -ms-flex: 1 1 auto;
  flex: 1 1 auto;
  font-family: inherit;
  min-width: 1px;
  -webkit-transition: 200ms 0s ease-in-out;
  transition: 200ms 0s ease-in-out;
  -webkit-transition-property: background,color,fill;
  transition-property: background,color,fill;
  -webkit-appearance: none;
  -webkit-tap-highlight-color: transparent;
  background: #fff;
  color: #323a46;
}

.c5::-webkit-input-placeholder {
  opacity: 1;
  color: #dbdbdb;
}

.c5::-moz-placeholder {
  opacity: 1;
  color: #dbdbdb;
}

.c5:-moz-placeholder {
  opacity: 1;
  color: #dbdbdb;
}

.c5:-ms-input-placeholder {
  opacity: 1;
  color: #dbdbdb;
}

.c5::-webkit-input-placeholder {
  opacity: 1;
  color: #dbdbdb;
}

.c5::-moz-placeholder {
  opacity: 1;
  color: #dbdbdb;
}

.c5:-ms-input-placeholder {
  opacity: 1;
  color: #dbdbdb;
}

.c5::placeholder {
  opacity: 1;
  color: #dbdbdb;
}

.c5:active,
.c5:focus {
  outline: 0;
}

.c3 {
  border: solid 1px;
  border-radius: .2rem;
  display: -webkit-box;
  display: -webkit-flex;
  display: -ms-flexbox;
  display: flex;
  -webkit-flex: 1 1 auto;
  -ms-flex: 1 1 auto;
  flex: 1 1 auto;
  min-width: 1px;
  overflow: hidden;
  -webkit-transition: 200ms 0s ease-in-out;
  transition: 200ms 0s ease-in-out;
  -webkit-transition-property: border;
  transition-property: border;
  border-color: #dbdbdb;
}

<label
    class="c0 c1"
  >
    <div
      class="c2"
    >
      <div
        class=" c3"
        shape="rectangle"
      >
        <textarea
          class="c4 c5 src-input "
          shape="rectangle"
          style="height: 150px;"
          type="text"
        />
      </div>
    </div>
  </label>
</DocumentFragment>
`;
