// Jest Snapshot v1, https://goo.gl/fbAQLP

exports[`<BreadcrumbItem /> should render component 1`] = `
<DocumentFragment>
  .c1 {
  isolation: isolate;
  overflow: hidden;
  position: relative;
  -webkit-tap-highlight-color: transparent;
}

.c0 {
  -webkit-flex: 0 0 auto;
  -ms-flex: 0 0 auto;
  flex: 0 0 auto;
  padding: 0;
}

.c0 > a {
  border-radius: .125rem;
  cursor: pointer;
  display: -webkit-inline-box;
  display: -webkit-inline-flex;
  display: -ms-inline-flexbox;
  display: inline-flex;
  padding: .475rem .6rem;
  -webkit-text-decoration: none;
  text-decoration: none;
  -webkit-transition: 200ms 0s ease-in-out;
  transition: 200ms 0s ease-in-out;
  -webkit-transition-property: background,border,color,fill;
  transition-property: background,border,color,fill;
  color: #fff;
  fill: #fff;
}

.c0 > a:hover {
  -webkit-text-decoration: underline;
  text-decoration: underline;
}

.c0:not(:last-child)::after {
  content: "/";
  display: inline-block;
  padding: 0 1px;
  color: #fff;
}

<li
    class=" c0"
    shape="rectangle"
  >
    <a
      class="c1"
    >
      Breadcrumb Item
    </a>
  </li>
</DocumentFragment>
`;
