// Jest Snapshot v1, https://goo.gl/fbAQLP

exports[`<Select /> should render component 1`] = `
<DocumentFragment>
  .c2 {
  display: -webkit-box;
  display: -webkit-flex;
  display: -ms-flexbox;
  display: flex;
  -webkit-flex: 1 1 auto;
  -ms-flex: 1 1 auto;
  flex: 1 1 auto;
}

.c8 {
  font-weight: 500;
}

.c9 {
  cursor: default;
  isolation: isolate;
  overflow: hidden;
  position: relative;
  -webkit-tap-highlight-color: transparent;
}

.c0 {
  display: block;
}

.c0 > span {
  margin-bottom: .5rem;
}

.c0 > span {
  font-size: 1rem;
}

.c1 > span {
  display: block;
  word-break: break-word;
  word-wrap: break-word;
  -webkit-tap-highlight-color: transparent;
}

.c4 {
  font-size: .875rem;
}

.c4 > div {
  margin: 0.225rem 0.45rem;
  padding: 0.225rem 0.45rem;
}

.c5 {
  border: 0;
  border-radius: 0;
  -webkit-flex: 1 1 auto;
  -ms-flex: 1 1 auto;
  flex: 1 1 auto;
  font-family: inherit;
  min-width: 1px;
  -webkit-transition: 200ms 0s ease-in-out;
  transition: 200ms 0s ease-in-out;
  -webkit-transition-property: background,color,fill;
  transition-property: background,color,fill;
  -webkit-appearance: none;
  -webkit-tap-highlight-color: transparent;
  background: #fff;
  color: #323a46;
  -webkit-align-items: center;
  -webkit-box-align: center;
  -ms-flex-align: center;
  align-items: center;
  display: -webkit-box;
  display: -webkit-flex;
  display: -ms-flexbox;
  display: flex;
  -webkit-box-pack: justify;
  -webkit-justify-content: space-between;
  -ms-flex-pack: justify;
  justify-content: space-between;
  position: relative;
}

.c5:active,
.c5:focus {
  outline: 0;
}

.c6 {
  display: block;
}

.c7 {
  height: 100%;
  left: 0;
  opacity: 0;
  pointer-events: none;
  position: absolute;
  top: 0;
  width: 100%;
}

.c3 {
  border: solid 1px;
  border-radius: .2rem;
  display: -webkit-box;
  display: -webkit-flex;
  display: -ms-flexbox;
  display: flex;
  -webkit-flex: 1 1 auto;
  -ms-flex: 1 1 auto;
  flex: 1 1 auto;
  min-width: 1px;
  overflow: hidden;
  -webkit-transition: 200ms 0s ease-in-out;
  transition: 200ms 0s ease-in-out;
  -webkit-transition-property: border;
  transition-property: border;
  border-color: #dbdbdb;
}

.c10 {
  border-radius: .2rem;
  fill: currrentcolor;
  -webkit-transition: 100ms 0s ease-in-out;
  transition: 100ms 0s ease-in-out;
  -webkit-transition-property: background,color,fill;
  transition-property: background,color,fill;
  background: #0556B2;
  color: #fff;
}

.c10 .svg,
.c10 .svg .fill,
.c10 .svg .stroke {
  -webkit-transition: 100ms 0s ease-in-out;
  transition: 100ms 0s ease-in-out;
  -webkit-transition-property: fill,stroke;
  transition-property: fill,stroke;
}

.c10 .svg,
.c10 .svg .fill {
  fill: #fff;
}

.c10 .svg .stroke {
  stroke: #fff;
}

.c11 {
  border-radius: .2rem;
  fill: currrentcolor;
  -webkit-transition: 100ms 0s ease-in-out;
  transition: 100ms 0s ease-in-out;
  -webkit-transition-property: background,color,fill;
  transition-property: background,color,fill;
}

.c11 .svg,
.c11 .svg .fill,
.c11 .svg .stroke {
  -webkit-transition: 100ms 0s ease-in-out;
  transition: 100ms 0s ease-in-out;
  -webkit-transition-property: fill,stroke;
  transition-property: fill,stroke;
}

.c11:hover {
  background: #0665d0;
  color: #fff;
}

.c11:hover .svg,
.c11:hover .svg .fill {
  fill: #fff;
}

.c11:hover .svg .stroke {
  stroke: #fff;
}

<div
    class="c0 c1"
    display="block"
  >
    <div
      class="c2"
      display="flex"
    >
      <div
        class=" c3"
        shape="rectangle"
      >
        <div
          class="c4 c5 c6 src-input "
        >
          <input
            class="c7"
            value="item-1"
          />
          <div
            class="c8"
            font-weight="$fontWeight.semibold"
          >
            Category
          </div>
          <div
            class="c9 c10"
            cursor="$cursor.select"
            overflow="hidden"
          >
            Item 1
          </div>
          <div
            class="c9 c11"
            cursor="$cursor.select"
            overflow="hidden"
          >
            Item 2
          </div>
          <div
            class="c9 c11"
            cursor="$cursor.select"
            overflow="hidden"
          >
            Item 3
          </div>
        </div>
      </div>
    </div>
  </div>
</DocumentFragment>
`;
