// Jest Snapshot v1, https://goo.gl/fbAQLP

exports[`<Select /> should render component 1`] = `
<DocumentFragment>
  .c2 {
  display: -webkit-box;
  display: -webkit-flex;
  display: -ms-flexbox;
  display: flex;
  -webkit-flex: 1 1 auto;
  -ms-flex: 1 1 auto;
  flex: 1 1 auto;
}

.c6 {
  font-weight: 500;
}

.c7 {
  isolation: isolate;
  overflow: hidden;
  position: relative;
  -webkit-tap-highlight-color: transparent;
}

.c0 > span {
  margin-bottom: .5rem;
}

.c0 > span {
  font-size: 1rem;
}

.c1 > span {
  cursor: default;
  display: block;
  word-break: break-word;
  word-wrap: break-word;
  -webkit-tap-highlight-color: transparent;
}

.c3 {
  font-size: .875rem;
}

.c3 > div {
  margin: 0.225rem 0.45rem;
  padding: 0.225rem 0.45rem;
}

.c4 {
  border: solid 1px;
  border-radius: .2rem;
  -webkit-flex: 1 1 auto;
  -ms-flex: 1 1 auto;
  flex: 1 1 auto;
  font-family: inherit;
  min-width: 1px;
  -webkit-transition: 200ms 0s ease-in-out;
  transition: 200ms 0s ease-in-out;
  -webkit-transition-property: background,border,color,fill;
  transition-property: background,border,color,fill;
  -webkit-appearance: none;
  -webkit-tap-highlight-color: transparent;
  background: #fff;
  border-color: #dbdbdb;
  color: #323a46;
  -webkit-align-items: center;
  -webkit-box-align: center;
  -ms-flex-align: center;
  align-items: center;
  display: -webkit-box;
  display: -webkit-flex;
  display: -ms-flexbox;
  display: flex;
  -webkit-box-pack: justify;
  -webkit-justify-content: space-between;
  -ms-flex-pack: justify;
  justify-content: space-between;
  position: relative;
}

.c4:active,
.c4:focus {
  outline: 0;
}

.c5 {
  height: 100%;
  left: 0;
  opacity: 0;
  pointer-events: none;
  position: absolute;
  top: 0;
  width: 100%;
}

.c8 {
  border-radius: .2rem;
  cursor: default;
  -webkit-transition: 100ms 0s ease-in-out;
  transition: 100ms 0s ease-in-out;
  -webkit-transition-property: background,color,fill;
  transition-property: background,color,fill;
  background: #0553AC;
  color: #fff;
}

.c9 {
  border-radius: .2rem;
  cursor: default;
  -webkit-transition: 100ms 0s ease-in-out;
  transition: 100ms 0s ease-in-out;
  -webkit-transition-property: background,color,fill;
  transition-property: background,color,fill;
}

.c9:hover {
  background: #0665d0;
  color: #fff;
}

<div
    class="c0 c1"
  >
    <div
      class="c2"
      display="flex"
    >
      <div
        class="c3 c4"
        shape="rectangle"
      >
        <input
          class="c5"
          value="item-1"
        />
        <div
          class="c6"
          font-weight="$fontWeight.semibold"
        >
          Category
        </div>
        <div
          class="c7 c8"
          overflow="hidden"
        >
          Item 1
        </div>
        <div
          class="c7 c9"
          overflow="hidden"
        >
          Item 2
        </div>
        <div
          class="c7 c9"
          overflow="hidden"
        >
          Item 3
        </div>
      </div>
    </div>
  </div>
</DocumentFragment>
`;
