// Jest Snapshot v1, https://goo.gl/fbAQLP

exports[`<AlertIcon /> should render component 1`] = `
<DocumentFragment>
  .c2 {
  -webkit-flex: 1 1 auto;
  -ms-flex: 1 1 auto;
  flex: 1 1 auto;
  min-width: 1px;
}

.c0 {
  font-size: 1rem;
}

.c0 .src-alert-content {
  padding: .75rem 1.25rem;
}

.c1 {
  border: solid 1px;
  border-radius: .25rem;
  box-sizing: border-box;
  display: -webkit-box;
  display: -webkit-flex;
  display: -ms-flexbox;
  display: flex;
  font-family: inherit;
  word-break: break-word;
  word-wrap: break-word;
  background: #0665d0;
  border-color: #0552A9;
  color: #fff;
  border-left-width: 10px;
}

.c1 .src-alert-content > header,
.c1 .src-alert-content > h1,
.c1 .src-alert-content > h2,
.c1 .src-alert-content > h3,
.c1 .src-alert-content > h4,
.c1 .src-alert-content > h5,
.c1 .src-alert-content > h6,
.c1 .src-alert-content > p,
.c1 .src-alert-content > hr {
  margin-bottom: 1rem;
  margin-top: 0;
}

.c1 .src-alert-content > header:last-child,
.c1 .src-alert-content > h1:last-child,
.c1 .src-alert-content > h2:last-child,
.c1 .src-alert-content > h3:last-child,
.c1 .src-alert-content > h4:last-child,
.c1 .src-alert-content > h5:last-child,
.c1 .src-alert-content > h6:last-child,
.c1 .src-alert-content > p:last-child,
.c1 .src-alert-content > hr:last-child {
  margin-bottom: 0;
}

.c1 a {
  color: inherit;
  font-weight: 500;
}

.c1 a:hover {
  -webkit-text-decoration: underline;
  text-decoration: underline;
}

.c1 hr {
  background: #0552A9;
  border: 0;
  height: 1px;
  width: 100%;
}

<div
    class="c0 c1"
    shape="rectangle"
  >
    <div
      class="c2 src-alert-content"
    >
      <svg />
    </div>
  </div>
</DocumentFragment>
`;
