// Jest Snapshot v1, https://goo.gl/fbAQLP

exports[`<Alert /> should render component 1`] = `
<DocumentFragment>
  .c0 {
  font-size: 1rem;
}

.c0 .c4 {
  padding: .75rem 1.25rem;
}

.c2 {
  padding: 0 1.25rem;
}

.c2 > svg {
  height: 1rem;
  width: 1rem;
}

.c2 > i {
  font-size: 1rem;
}

.c5 {
  -webkit-flex: 1 1 auto;
  -ms-flex: 1 1 auto;
  flex: 1 1 auto;
}

.c1 {
  border: solid 1px;
  border-left-width: 10px;
  border-radius: .25rem;
  box-sizing: border-box;
  display: -webkit-box;
  display: -webkit-flex;
  display: -ms-flexbox;
  display: flex;
  font-family: inherit;
  word-break: break-word;
  word-wrap: break-word;
  background: #0665d0;
  border-color: #054D9F;
  color: #fff;
}

.c1 > .c4 {
  padding-left: 0;
}

.c1 > .c4 {
  padding-right: 0;
}

.c1 .c4 > header,
.c1 .c4 > h1,
.c1 .c4 > h2,
.c1 .c4 > h3,
.c1 .c4 > h4,
.c1 .c4 > h5,
.c1 .c4 > h6,
.c1 .c4 > p,
.c1 .c4 > hr {
  margin-bottom: 1rem;
  margin-top: 0;
}

.c1 .c4 > header:last-child,
.c1 .c4 > h1:last-child,
.c1 .c4 > h2:last-child,
.c1 .c4 > h3:last-child,
.c1 .c4 > h4:last-child,
.c1 .c4 > h5:last-child,
.c1 .c4 > h6:last-child,
.c1 .c4 > p:last-child,
.c1 .c4 > hr:last-child {
  margin-bottom: 0;
}

.c1 a {
  font-weight: 500;
}

.c1 a:hover {
  -webkit-text-decoration: underline;
  text-decoration: underline;
}

.c1 hr {
  background: #054D9F;
  border: 0;
  height: 1px;
  width: 100%;
}

.c3 {
  -webkit-align-items: center;
  -webkit-box-align: center;
  -ms-flex-align: center;
  align-items: center;
  -webkit-align-self: stretch;
  -ms-flex-item-align: stretch;
  align-self: stretch;
  display: -webkit-box;
  display: -webkit-flex;
  display: -ms-flexbox;
  display: flex;
  -webkit-flex: 0 0 auto;
  -ms-flex: 0 0 auto;
  flex: 0 0 auto;
  -webkit-box-pack: center;
  -webkit-justify-content: center;
  -ms-flex-pack: center;
  justify-content: center;
  color: #fff;
  fill: #fff;
}

<div
    class="c0 c1"
    shape="rectangle"
  >
    <div
      class="c2 c3"
    >
      <svg />
    </div>
    <div
      class="c4 c5"
    >
      <span>
        Content
      </span>
    </div>
    <div
      class="c2 c3"
    >
      <svg />
    </div>
  </div>
</DocumentFragment>
`;
