// Jest Snapshot v1, https://goo.gl/fbAQLP

exports[`<Input /> should render component 1`] = `
<DocumentFragment>
  .c2 {
  display: -webkit-box;
  display: -webkit-flex;
  display: -ms-flexbox;
  display: flex;
  -webkit-flex: 1 1 auto;
  -ms-flex: 1 1 auto;
  flex: 1 1 auto;
}

.c3 {
  font-size: 1rem;
  padding: 0 0.45rem;
}

.c0 > span {
  margin-bottom: .5rem;
}

.c1 > span {
  display: block;
  word-break: break-word;
  word-wrap: break-word;
  -webkit-tap-highlight-color: transparent;
}

.c4 {
  -webkit-align-items: center;
  -webkit-box-align: center;
  -ms-flex-align: center;
  align-items: center;
  border-bottom-left-radius: .2rem;
  border-top-left-radius: .2rem;
  box-sizing: border-box;
  display: -webkit-inline-box;
  display: -webkit-inline-flex;
  display: -ms-inline-flexbox;
  display: inline-flex;
  -webkit-flex: 0 0 auto;
  -ms-flex: 0 0 auto;
  flex: 0 0 auto;
  -webkit-box-pack: center;
  -webkit-justify-content: center;
  -ms-flex-pack: center;
  justify-content: center;
  -webkit-transition: 200ms 0s ease-in-out;
  transition: 200ms 0s ease-in-out;
  -webkit-transition-property: background,border,color,fill;
  transition-property: background,border,color,fill;
  border: solid 1px;
  border-right: 0;
  background: #fff;
  border-color: #dbdbdb;
  color: #323a46;
  fill: #323a46;
}

.c7 {
  -webkit-align-items: center;
  -webkit-box-align: center;
  -ms-flex-align: center;
  align-items: center;
  border-bottom-right-radius: .2rem;
  border-top-right-radius: .2rem;
  box-sizing: border-box;
  display: -webkit-inline-box;
  display: -webkit-inline-flex;
  display: -ms-inline-flexbox;
  display: inline-flex;
  -webkit-flex: 0 0 auto;
  -ms-flex: 0 0 auto;
  flex: 0 0 auto;
  -webkit-box-pack: center;
  -webkit-justify-content: center;
  -ms-flex-pack: center;
  justify-content: center;
  -webkit-transition: 200ms 0s ease-in-out;
  transition: 200ms 0s ease-in-out;
  -webkit-transition-property: background,border,color,fill;
  transition-property: background,border,color,fill;
  border: solid 1px;
  border-left: 0;
  background: #fff;
  border-color: #dbdbdb;
  color: #323a46;
  fill: #323a46;
}

.c5 {
  font-size: 1rem;
  padding: .45rem .9rem;
  padding-left: 0;
  padding-right: 0;
}

.c6 {
  border: solid 1px;
  border-radius: .2rem;
  -webkit-flex: 1 1 auto;
  -ms-flex: 1 1 auto;
  flex: 1 1 auto;
  font-family: inherit;
  -webkit-transition: 200ms 0s ease-in-out;
  transition: 200ms 0s ease-in-out;
  -webkit-transition-property: background,border,color,fill;
  transition-property: background,border,color,fill;
  -webkit-appearance: none;
  -webkit-tap-highlight-color: transparent;
  background: #fff;
  border-color: #dbdbdb;
  color: #323a46;
  border-left: 0;
  border-bottom-left-radius: 0;
  border-top-left-radius: 0;
  border-right: 0;
  border-bottom-right-radius: 0;
  border-top-right-radius: 0;
}

.c6::-webkit-input-placeholder {
  opacity: 1;
  color: #dbdbdb;
}

.c6::-moz-placeholder {
  opacity: 1;
  color: #dbdbdb;
}

.c6:-moz-placeholder {
  opacity: 1;
  color: #dbdbdb;
}

.c6:-ms-input-placeholder {
  opacity: 1;
  color: #dbdbdb;
}

.c6::-webkit-input-placeholder {
  opacity: 1;
  color: #dbdbdb;
}

.c6::-moz-placeholder {
  opacity: 1;
  color: #dbdbdb;
}

.c6:-ms-input-placeholder {
  opacity: 1;
  color: #dbdbdb;
}

.c6::placeholder {
  opacity: 1;
  color: #dbdbdb;
}

.c6:active,
.c6:focus {
  outline: 0;
}

<label
    class="c0 c1"
  >
    <span>
      Label
    </span>
    <div
      class="c2"
      display="flex"
    >
      <div
        class="c3 c4"
        shape="rectangle"
      />
      <input
        class="c5 c6"
        shape="rectangle"
        type="text"
      />
      <div
        class="c3 c7"
        shape="rectangle"
      />
    </div>
  </label>
</DocumentFragment>
`;
