// Jest Snapshot v1, https://goo.gl/fbAQLP

exports[`<InputColorPicker /> should render component 1`] = `
<DocumentFragment>
  .c2 {
  display: -webkit-box;
  display: -webkit-flex;
  display: -ms-flexbox;
  display: flex;
  -webkit-flex: 1 1 auto;
  -ms-flex: 1 1 auto;
  flex: 1 1 auto;
}

.c8 {
  height: 100%;
  left: 0;
  position: absolute;
  top: 0;
  width: 100%;
}

.c9 {
  width: 275px;
  background: #fff;
  border-radius: .25rem;
  box-shadow: 0 0 10px 1px rgba(154,161,171,.15);
  height: auto !important;
}

.c11 {
  padding: 10px;
  width: 275px;
}

.c11 > *:not(:first-child) {
  padding-top: 10px;
}

.c14 {
  height: 175px;
  width: 175px;
}

.c16 {
  background: linear-gradient(to right,rgba(255,255,255,1),rgba(255,255,255,0));
}

.c17 {
  background: linear-gradient(to top,rgba(0,0,0,1),rgba(0,0,0,0));
  box-shadow: 0 0 3px rgba(0,0,0,.3) inset;
}

.c21 {
  height: 175px;
  width: 30px;
}

.c24 {
  background: url('data:image/png;base64,iVBORw0KGgoAAAANSUhEUgAAAAwAAAAMCAIAAADZF8uwAAAAGUlEQVQYV2M4gwH+YwCGIasIUwhT25BVBADtzYNYrHvv4gAAAABJRU5ErkJggg==');
}

.c25 {
  box-shadow: 0 0 3px rgba(0,0,0,.3) inset;
}

.c31 {
  font-size: 1rem;
  padding: .45rem 0.45rem;
}

.c31 .c33 {
  height: 1.1rem;
  width: 1.1rem;
}

.c38 {
  margin-right: 10px;
  isolation: isolate;
  overflow: hidden;
  position: relative;
  -webkit-tap-highlight-color: transparent;
}

.c38 .c40 {
  font-size: .875rem;
  padding: .45rem .9rem;
}

.c38 .c40 > .c33 {
  height: 1.1rem;
  width: 1.1rem;
}

.c38 .c40 > :not(:last-child) {
  margin-right: 0.225rem;
}

.c42 {
  isolation: isolate;
  overflow: hidden;
  position: relative;
  -webkit-tap-highlight-color: transparent;
}

.c42 .c40 {
  font-size: .875rem;
  padding: .45rem .9rem;
}

.c42 .c40 > .c33 {
  height: 1.1rem;
  width: 1.1rem;
}

.c42 .c40 > :not(:last-child) {
  margin-right: 0.225rem;
}

.c26 {
  border: none;
  background: transparent;
  width: 100%;
}

.c4 {
  font-size: .875rem;
  padding: .45rem .9rem;
}

.c34 {
  font-size: .875rem;
  padding: .45rem .9rem;
  padding-left: 0.45rem;
  padding-right: 0.45rem;
}

.c0 {
  margin-bottom: .5rem;
}

.c0 > span {
  margin-right: 0.46874rem;
}

.c28 > span {
  margin-bottom: .5rem;
}

.c13 {
  display: -webkit-box;
  display: -webkit-flex;
  display: -ms-flexbox;
  display: flex;
  -webkit-box-pack: justify;
  -webkit-justify-content: space-between;
  -ms-flex-pack: justify;
  justify-content: space-between;
}

.c18 {
  height: 18px;
  width: 18px;
}

.c23 {
  height: 14px;
  width: 14px;
}

.c43 {
  height: 1.1rem;
  width: 1.1rem;
  display: block;
  fill: #b1bbc4;
  margin: auto;
}

.c41 {
  -webkit-align-items: center;
  -webkit-box-align: center;
  -ms-flex-align: center;
  align-items: center;
  border: solid 1px;
  box-sizing: border-box;
  cursor: default;
  display: -webkit-box;
  display: -webkit-flex;
  display: -ms-flexbox;
  display: flex;
  fill: currentcolor;
  -webkit-flex: 1 1 auto;
  -ms-flex: 1 1 auto;
  flex: 1 1 auto;
  -webkit-transition: 300ms 0s ease-in-out;
  transition: 300ms 0s ease-in-out;
  -webkit-transition-property: background,border,color,fill;
  transition-property: background,border,color,fill;
  -webkit-user-select: none;
  -moz-user-select: none;
  -ms-user-select: none;
  user-select: none;
  word-break: break-word;
  word-wrap: break-word;
}

.c39 {
  -webkit-align-items: stretch;
  -webkit-box-align: stretch;
  -ms-flex-align: stretch;
  align-items: stretch;
  background: transparent;
  border: 0;
  font-family: inherit;
  position: relative;
  -webkit-transition: box-shadow 300ms 0s ease-in-out;
  transition: box-shadow 300ms 0s ease-in-out;
  display: -webkit-box;
  display: -webkit-flex;
  display: -ms-flexbox;
  display: flex;
  -webkit-flex: 1 1 auto;
  -ms-flex: 1 1 auto;
  flex: 1 1 auto;
  width: 100%;
}

.c39,
.c39 .c40 {
  border-radius: .125rem;
}

.c39:active {
  outline: 0;
}

.c39 .c40 {
  -webkit-box-pack: center;
  -webkit-justify-content: center;
  -ms-flex-pack: center;
  justify-content: center;
}

.c39 .c40 {
  background: #0665d0;
  border-color: #0665d0;
  color: #fff;
}

.c39:hover .c40 {
  background: #065DC0;
  border-color: #065DC0;
}

.c39:focus {
  box-shadow: 0 0 0 .15rem rgba(6,101,208,0.5);
}

.c37 {
  -webkit-align-items: center;
  -webkit-box-align: center;
  -ms-flex-align: center;
  align-items: center;
  display: -webkit-box;
  display: -webkit-flex;
  display: -ms-flexbox;
  display: flex;
  -webkit-box-pack: start;
  -webkit-justify-content: flex-start;
  -ms-flex-pack: start;
  justify-content: flex-start;
}

.c37 > * {
  -webkit-flex: 1 1 50%;
  -ms-flex: 1 1 50%;
  flex: 1 1 50%;
  width: 50%;
}

.c12 {
  border-radius: .25rem;
  box-sizing: border-box;
}

.c1 {
  display: -webkit-box;
  display: -webkit-flex;
  display: -ms-flexbox;
  display: flex;
}

.c1 > span {
  cursor: default;
  display: block;
  word-break: break-word;
  word-wrap: break-word;
  -webkit-tap-highlight-color: transparent;
}

.c1 > span {
  -webkit-align-self: center;
  -ms-flex-item-align: center;
  align-self: center;
}

.c1 > div {
  -webkit-align-self: flex-start;
  -ms-flex-item-align: start;
  align-self: flex-start;
}

.c29 > span {
  cursor: default;
  display: block;
  word-break: break-word;
  word-wrap: break-word;
  -webkit-tap-highlight-color: transparent;
}

.c5 {
  border: solid 1px;
  border-radius: .2rem;
  -webkit-flex: 1 1 auto;
  -ms-flex: 1 1 auto;
  flex: 1 1 auto;
  font-family: inherit;
  min-width: 1px;
  -webkit-transition: 200ms 0s ease-in-out;
  transition: 200ms 0s ease-in-out;
  -webkit-transition-property: background,border,color,fill;
  transition-property: background,border,color,fill;
  -webkit-appearance: none;
  -webkit-tap-highlight-color: transparent;
  background: #fff;
  border-color: #0665d0;
  color: #323a46;
}

.c5::-webkit-input-placeholder {
  opacity: 1;
  color: #dbdbdb;
}

.c5::-moz-placeholder {
  opacity: 1;
  color: #dbdbdb;
}

.c5:-moz-placeholder {
  opacity: 1;
  color: #dbdbdb;
}

.c5:-ms-input-placeholder {
  opacity: 1;
  color: #dbdbdb;
}

.c5::-webkit-input-placeholder {
  opacity: 1;
  color: #dbdbdb;
}

.c5::-moz-placeholder {
  opacity: 1;
  color: #dbdbdb;
}

.c5:-ms-input-placeholder {
  opacity: 1;
  color: #dbdbdb;
}

.c5::placeholder {
  opacity: 1;
  color: #dbdbdb;
}

.c5:active,
.c5:focus {
  outline: 0;
}

.c35 {
  border: 0;
  border-radius: .2rem;
  -webkit-flex: 1 1 auto;
  -ms-flex: 1 1 auto;
  flex: 1 1 auto;
  font-family: inherit;
  min-width: 1px;
  -webkit-transition: 200ms 0s ease-in-out;
  transition: 200ms 0s ease-in-out;
  -webkit-transition-property: background,border,color,fill;
  transition-property: background,border,color,fill;
  -webkit-appearance: none;
  -webkit-tap-highlight-color: transparent;
  background: #fff;
  border-color: #dbdbdb;
  color: #323a46;
  border-left: 0;
  border-bottom-left-radius: 0;
  border-top-left-radius: 0;
  border-right: 0;
  border-bottom-right-radius: 0;
  border-top-right-radius: 0;
}

.c35::-webkit-input-placeholder {
  opacity: 1;
  color: #dbdbdb;
}

.c35::-moz-placeholder {
  opacity: 1;
  color: #dbdbdb;
}

.c35:-moz-placeholder {
  opacity: 1;
  color: #dbdbdb;
}

.c35:-ms-input-placeholder {
  opacity: 1;
  color: #dbdbdb;
}

.c35::-webkit-input-placeholder {
  opacity: 1;
  color: #dbdbdb;
}

.c35::-moz-placeholder {
  opacity: 1;
  color: #dbdbdb;
}

.c35:-ms-input-placeholder {
  opacity: 1;
  color: #dbdbdb;
}

.c35::placeholder {
  opacity: 1;
  color: #dbdbdb;
}

.c35:active,
.c35:focus {
  outline: 0;
}

.c32 {
  -webkit-align-items: center;
  -webkit-box-align: center;
  -ms-flex-align: center;
  align-items: center;
  border-bottom-left-radius: .2rem;
  border-top-left-radius: .2rem;
  box-sizing: border-box;
  display: -webkit-inline-box;
  display: -webkit-inline-flex;
  display: -ms-inline-flexbox;
  display: inline-flex;
  fill: currentcolor;
  -webkit-flex: 0 0 auto;
  -ms-flex: 0 0 auto;
  flex: 0 0 auto;
  -webkit-box-pack: center;
  -webkit-justify-content: center;
  -ms-flex-pack: center;
  justify-content: center;
  -webkit-transition: 200ms 0s ease-in-out;
  transition: 200ms 0s ease-in-out;
  -webkit-transition-property: background,border,color,fill;
  transition-property: background,border,color,fill;
  background: #fff;
  border-color: #dbdbdb;
  color: #323a46;
}

.c36 {
  -webkit-align-items: center;
  -webkit-box-align: center;
  -ms-flex-align: center;
  align-items: center;
  border-bottom-right-radius: .2rem;
  border-top-right-radius: .2rem;
  box-sizing: border-box;
  display: -webkit-inline-box;
  display: -webkit-inline-flex;
  display: -ms-inline-flexbox;
  display: inline-flex;
  fill: currentcolor;
  -webkit-flex: 0 0 auto;
  -ms-flex: 0 0 auto;
  flex: 0 0 auto;
  -webkit-box-pack: center;
  -webkit-justify-content: center;
  -ms-flex-pack: center;
  justify-content: center;
  -webkit-transition: 200ms 0s ease-in-out;
  transition: 200ms 0s ease-in-out;
  -webkit-transition-property: background,border,color,fill;
  transition-property: background,border,color,fill;
  background: #fff;
  border-color: #dbdbdb;
  color: #323a46;
}

.c27 {
  background-clip: content-box;
  background-image: url('data:image/png;base64,iVBORw0KGgoAAAANSUhEUgAAAAwAAAAMCAIAAADZF8uwAAAAGUlEQVQYV2M4gwH+YwCGIasIUwhT25BVBADtzYNYrHvv4gAAAABJRU5ErkJggg==');
  border-radius: .2rem;
}

.c27 .c3,
.c27 .c30 {
  color: #fff;
  -webkit-transition: none;
  transition: none;
}

.c27 .c3[data-src-is-dark="true"],
.c27 .c30[data-src-is-dark="true"] {
  color: #202124;
}

.c19 {
  border: solid 2px #fff;
  border-radius: 100%;
  box-shadow: 0 0 5px rgba(0,0,0,.5);
  box-sizing: border-box;
  position: absolute;
}

.c19[data-src-is-dark="true"] {
  border-color: #202124;
}

.c20::after {
  border: solid 4px #fff;
  border-radius: 100%;
  content: "";
  left: calc(50% - 4px);
  position: absolute;
  top: calc(50% - 4px);
}

.c20[data-src-is-dark="true"]::after {
  border-color: #202124;
}

.c15 {
  -webkit-flex: 0 0 auto;
  -ms-flex: 0 0 auto;
  flex: 0 0 auto;
  overflow: hidden;
  position: relative;
  touch-action: none;
  cursor: pointer;
}

.c15,
.c15 div {
  border-radius: 0.5rem;
}

.c15 div {
  height: 100%;
}

.c22 {
  background: linear-gradient(to bottom,#f00,#ff0,#0f0,#0ff,#00f,#f0f,#f00);
  box-shadow: 0 0 3px rgba(0,0,0,.3) inset;
}

.c6 {
  position: fixed;
  z-index: 2000;
}

.c10 {
  overflow: auto;
  position: fixed;
  z-index: 1000;
}

@media (max-width:767px) {
  .c6 {
    box-sizing: border-box;
    display: -webkit-box;
    display: -webkit-flex;
    display: -ms-flexbox;
    display: flex;
    -webkit-box-pack: center;
    -webkit-justify-content: center;
    -ms-flex-pack: center;
    justify-content: center;
    height: 100%;
    left: 0;
    padding: 1.75rem;
    top: 0;
    touch-action: none;
    width: 100%;
    background: rgba(0,0,0,.3);
  }
}

@media (max-width:767px) {
  .c10 {
    height: auto !important;
    max-height: 100% !important;
    position: static;
  }
}

@media (max-width:767px) {
  .c7 {
    -webkit-align-items: center;
    -webkit-box-align: center;
    -ms-flex-align: center;
    align-items: center;
    will-change: opacity;
  }

  .c7.src-fixed-box-show {
    opacity: 0;
  }

  .c7.src-fixed-box-show-active {
    opacity: 1;
  }

  .c7.src-fixed-box-hide {
    opacity: 1;
  }

  .c7.src-fixed-box-hide-active {
    opacity: 0;
  }

  .c7.src-fixed-box-show-active,
  .c7.src-fixed-box-hide-active {
    -webkit-transition: opacity 300ms 0s ease-in-out;
    transition: opacity 300ms 0s ease-in-out;
  }
}

@media (min-width:768px) {
  .c7 > * {
    will-change: opacity,transform;
  }

  .c7.src-fixed-box-show > * {
    opacity: 0;
    -webkit-transform: translateY(60px);
    -ms-transform: translateY(60px);
    transform: translateY(60px);
  }

  .c7.src-fixed-box-show-active > * {
    opacity: 1;
    -webkit-transform: translateY(0);
    -ms-transform: translateY(0);
    transform: translateY(0);
  }

  .c7.src-fixed-box-hide > * {
    opacity: 1;
    -webkit-transform: translateY(0);
    -ms-transform: translateY(0);
    transform: translateY(0);
  }

  .c7.src-fixed-box-hide-active > * {
    opacity: 0;
    -webkit-transform: translateY(60px);
    -ms-transform: translateY(60px);
    transform: translateY(60px);
  }

  .c7.src-fixed-box-show-active > *,
  .c7.src-fixed-box-hide-active > * {
    -webkit-transition: 300ms 0s ease-in-out;
    transition: 300ms 0s ease-in-out;
    -webkit-transition-property: opacity,-webkit-transform;
    -webkit-transition-property: opacity,transform;
    transition-property: opacity,transform;
  }
}

<label
    class="c0 c1"
  >
    <span>
      Label
    </span>
    <div
      class="c2"
      display="flex"
    >
      <input
        class="c3 c4 c5"
        shape="rectangle"
        value="#FF0000"
      />
      <div
        class=" c6 c7 sc-bczRLJ sc-dSuTWQ  c6"
      >
        <div
          class="c8"
          height="100%"
          width="100%"
        />
        <div
          class="c9 c10"
          height="auto,true"
          style="pointer-events: none; visibility: hidden;"
          width="$size.colorPicker.medium.width"
        >
          <div
            class="c11 c12"
          >
            <section
              class="c13"
              display="flex"
            >
              <div
                class="c14 c15"
                style="background: rgb(255, 0, 0);"
                value="rgb(255, 0, 0)"
              >
                <div>
                  <div
                    class="c16"
                  >
                    <div
                      class="c17"
                    >
                      <span
                        class="c18 c19 c20"
                        data-src-is-dark="false"
                        style="left: 0px; top: 0px;"
                        value="rgb(255, 0, 0)"
                      />
                    </div>
                  </div>
                </div>
              </div>
              <div
                class="c21 c15 c22"
                value="rgb(255, 0, 0)"
              >
                <span
                  class="c23 c19"
                  style="left: 0px; top: 0px;"
                  value="rgb(255, 0, 0)"
                />
              </div>
              <div
                class="c21 c15"
                value="rgb(255, 0, 0)"
              >
                <div
                  class="c24"
                >
                  <div
                    class="c25"
                  >
                    <span
                      class="c23 c19"
                      data-src-is-dark="false"
                      style="left: 0px; top: 0px;"
                      value="rgb(255, 0, 0)"
                    />
                  </div>
                </div>
              </div>
            </section>
            <hr
              class="c26"
              width="100%"
            />
            <section
              class=" c27"
            >
              <label
                class="c28 c29"
              >
                <div
                  class="c2"
                  display="flex"
                >
                  <label
                    class="c30 c31 c32"
                    data-src-is-dark="false"
                    shape="rectangle"
                    style="background: rgb(255, 0, 0);"
                  >
                    <svg
                      class="c33 "
                      viewBox="0 0 24 24"
                    >
                      <path
                        d="M12 3c-4.97 0-9 4.03-9 9s4.03 9 9 9c.83 0 1.5-.67 1.5-1.5 0-.39-.15-.74-.39-1.01-.23-.26-.38-.61-.38-.99 0-.83.67-1.5 1.5-1.5H16c2.76 0 5-2.24 5-5 0-4.42-4.03-8-9-8zm-5.5 9c-.83 0-1.5-.67-1.5-1.5S5.67 9 6.5 9 8 9.67 8 10.5 7.33 12 6.5 12zm3-4C8.67 8 8 7.33 8 6.5S8.67 5 9.5 5s1.5.67 1.5 1.5S10.33 8 9.5 8zm5 0c-.83 0-1.5-.67-1.5-1.5S13.67 5 14.5 5s1.5.67 1.5 1.5S15.33 8 14.5 8zm3 4c-.83 0-1.5-.67-1.5-1.5S16.67 9 17.5 9s1.5.67 1.5 1.5-.67 1.5-1.5 1.5z"
                      />
                      <path
                        d="M0 0h24v24H0z"
                        fill="none"
                      />
                    </svg>
                  </label>
                  <input
                    class="c3 c34 c35"
                    data-src-is-dark="false"
                    shape="rectangle"
                    style="background: rgb(255, 0, 0);"
                    type="text"
                  />
                  <label
                    class="c30 c31 c36"
                    data-src-is-dark="false"
                    shape="rectangle"
                    style="background: rgb(255, 0, 0);"
                  >
                    <svg
                      class="c33 "
                      viewBox="0 0 2048 1792"
                    >
                      <path
                        d="M960 1408l336-384h-768l-336 384h768zm1013-1077q15 34 9.5 71.5t-30.5 65.5l-896 1024q-38 44-96 44h-768q-38 0-69.5-20.5t-47.5-54.5q-15-34-9.5-71.5t30.5-65.5l896-1024q38-44 96-44h768q38 0 69.5 20.5t47.5 54.5z"
                      />
                    </svg>
                  </label>
                </div>
              </label>
            </section>
            <section
              class=""
            >
              <div
                class="c37"
              >
                <button
                  class="c38 c39"
                  overflow="hidden"
                  shape="rectangle"
                >
                  <span
                    class="c40 c41"
                  >
                    <svg
                      class="c33 "
                      viewBox="0 0 24 24"
                    >
                      <path
                        d="M0 0h24v24H0z"
                        fill="none"
                      />
                      <path
                        d="M17 3H5c-1.11 0-2 .9-2 2v14c0 1.1.89 2 2 2h14c1.1 0 2-.9 2-2V7l-4-4zm-5 16c-1.66 0-3-1.34-3-3s1.34-3 3-3 3 1.34 3 3-1.34 3-3 3zm3-10H5V5h10v4z"
                      />
                    </svg>
                    <span>
                      Save
                    </span>
                  </span>
                </button>
                <button
                  class="c42 c39"
                  overflow="hidden"
                  shape="rectangle"
                >
                  <span
                    class="c40 c41"
                  >
                    <svg
                      class="c33 "
                      viewBox="0 0 1792 1792"
                    >
                      <path
                        d="M1490 1322q0 40-28 68l-136 136q-28 28-68 28t-68-28l-294-294-294 294q-28 28-68 28t-68-28l-136-136q-28-28-28-68t28-68l294-294-294-294q-28-28-28-68t28-68l136-136q28-28 68-28t68 28l294 294 294-294q28-28 68-28t68 28l136 136q28 28 28 68t-28 68l-294 294 294 294q28 28 28 68z"
                      />
                    </svg>
                    <span>
                      Cancel
                    </span>
                  </span>
                </button>
              </div>
            </section>
            <section
              class=""
            >
              <svg
                class="c33 c43"
                display="block"
                fill="$color.gray500"
                viewBox="0 0 1792 1792"
              >
                <path
                  d="M1395 864q0 13-10 23l-466 466q-10 10-23 10t-23-10l-466-466q-10-10-10-23t10-23l50-50q10-10 23-10t23 10l393 393 393-393q10-10 23-10t23 10l50 50q10 10 10 23zm0-384q0 13-10 23l-466 466q-10 10-23 10t-23-10l-466-466q-10-10-10-23t10-23l50-50q10-10 23-10t23 10l393 393 393-393q10-10 23-10t23 10l50 50q10 10 10 23z"
                />
              </svg>
            </section>
          </div>
        </div>
      </div>
    </div>
  </label>
</DocumentFragment>
`;
