// Jest Snapshot v1, https://goo.gl/fbAQLP

exports[`<InputFile /> should render component 1`] = `
<DocumentFragment>
  .c2 {
  display: -webkit-box;
  display: -webkit-flex;
  display: -ms-flexbox;
  display: flex;
  -webkit-flex: 1 1 auto;
  -ms-flex: 1 1 auto;
  flex: 1 1 auto;
}

.c0 {
  display: block;
}

.c0 > span {
  margin-bottom: .5rem;
}

.c0 > span {
  font-size: 1rem;
}

.c1 > span {
  display: block;
  word-break: break-word;
  word-wrap: break-word;
  -webkit-tap-highlight-color: transparent;
  cursor: pointer;
}

.c4 {
  font-size: .875rem;
  padding: .45rem .9rem;
}

.c5 {
  border: 0;
  border-radius: 0;
  -webkit-flex: 1 1 auto;
  -ms-flex: 1 1 auto;
  flex: 1 1 auto;
  font-family: inherit;
  min-width: 1px;
  -webkit-transition: 200ms 0s ease-in-out;
  transition: 200ms 0s ease-in-out;
  -webkit-transition-property: background,color,fill;
  transition-property: background,color,fill;
  -webkit-appearance: none;
  -webkit-tap-highlight-color: transparent;
  background: #fff;
  color: #323a46;
  -webkit-align-items: center;
  -webkit-box-align: center;
  -ms-flex-align: center;
  align-items: center;
  display: -webkit-box;
  display: -webkit-flex;
  display: -ms-flexbox;
  display: flex;
  -webkit-box-pack: justify;
  -webkit-justify-content: space-between;
  -ms-flex-pack: justify;
  justify-content: space-between;
  position: relative;
  cursor: pointer;
}

.c5:active,
.c5:focus {
  outline: 0;
}

.c6 {
  height: 100%;
  left: 0;
  opacity: 0;
  pointer-events: none;
  position: absolute;
  top: 0;
  width: 100%;
}

.c3 {
  border: solid 1px;
  border-radius: .2rem;
  display: -webkit-box;
  display: -webkit-flex;
  display: -ms-flexbox;
  display: flex;
  -webkit-flex: 1 1 auto;
  -ms-flex: 1 1 auto;
  flex: 1 1 auto;
  min-width: 1px;
  overflow: hidden;
  -webkit-transition: 200ms 0s ease-in-out;
  transition: 200ms 0s ease-in-out;
  -webkit-transition-property: border;
  transition-property: border;
  border-color: #dbdbdb;
}

<label
    class="c0 c1"
  >
    <span>
      Label
    </span>
    <div
      class="c2"
    >
      <div
        class=" c3"
        shape="rectangle"
      >
        <div
          class="c4 c5 src-input "
        >
          <input
            class="c6"
            type="file"
          />
          file.jpg
        </div>
      </div>
    </div>
  </label>
</DocumentFragment>
`;
