// Jest Snapshot v1, https://goo.gl/fbAQLP

exports[`<InputAddon /> should render component 1`] = `
<DocumentFragment>
  .c0 {
  -webkit-align-items: center;
  -webkit-box-align: center;
  -ms-flex-align: center;
  align-items: center;
  box-sizing: border-box;
  display: -webkit-inline-box;
  display: -webkit-inline-flex;
  display: -ms-inline-flexbox;
  display: inline-flex;
  fill: currentcolor;
  -webkit-flex: 0 0 auto;
  -ms-flex: 0 0 auto;
  flex: 0 0 auto;
  -webkit-box-pack: center;
  -webkit-justify-content: center;
  -ms-flex-pack: center;
  justify-content: center;
  -webkit-transition: 200ms 0s ease-in-out;
  transition: 200ms 0s ease-in-out;
  -webkit-transition-property: background,border,color,fill;
  transition-property: background,border,color,fill;
  background: #fff;
  border-color: #dbdbdb;
  color: #323a46;
}

<div
    class=" c0 src-input-addon "
    shape="rectangle"
  >
    Addon
  </div>
</DocumentFragment>
`;
