// Jest Snapshot v1, https://goo.gl/fbAQLP

exports[`<Dropdown /> should render component 1`] = `
<DocumentFragment>
  @media (max-width:767px) {

}

@media (max-width:767px) {

}

@media (max-width:767px) {

}

@media (min-width:768px) {

}

<button
    cursor="$cursor.dropdown"
  >
    Button
  </button>
  .c2 {
  height: 100%;
  left: 0;
  position: absolute;
  top: 0;
  width: 100%;
}

.c3 {
  overflow: initial !important;
}

.c5 {
  padding: .3125rem 0;
}

.c5 > div {
  font-size: .875rem;
  margin: .125rem .45rem;
  padding: .3125rem .3125rem;
}

.c7 {
  font-weight: 500;
}

.c8 {
  cursor: pointer;
  isolation: isolate;
  overflow: hidden;
  position: relative;
  -webkit-tap-highlight-color: transparent;
}

.c0 {
  position: fixed;
  z-index: 2000;
}

.c4 {
  overflow: auto;
  position: fixed;
  z-index: 1000;
}

.c9 {
  border-radius: .2rem;
  fill: currrentcolor;
  -webkit-transition: 100ms 0s ease-in-out;
  transition: 100ms 0s ease-in-out;
  -webkit-transition-property: background,color,fill;
  transition-property: background,color,fill;
}

.c9 .svg,
.c9 .svg .fill,
.c9 .svg .stroke {
  -webkit-transition: 100ms 0s ease-in-out;
  transition: 100ms 0s ease-in-out;
  -webkit-transition-property: fill,stroke;
  transition-property: fill,stroke;
}

.c9:hover {
  background: #0665d0;
  color: #fff;
}

.c9:hover .svg,
.c9:hover .svg .fill {
  fill: #fff;
}

.c9:hover .svg .stroke {
  stroke: #fff;
}

.c6 {
  border-radius: .2rem;
  box-shadow: 0 0 10px 1px rgba(154,161,171,.15);
  font-family: inherit;
  height: inherit;
  overflow: auto;
  -webkit-user-select: none;
  -moz-user-select: none;
  -ms-user-select: none;
  user-select: none;
  width: inherit;
  -webkit-overflow-scrolling: touch;
  background: #fff;
  color: #323a46;
  fill: #323a46;
}

.c6 > div {
  word-break: break-word;
  word-wrap: break-word;
}

@media (max-width:767px) {
  .c0 {
    box-sizing: border-box;
    display: -webkit-box;
    display: -webkit-flex;
    display: -ms-flexbox;
    display: flex;
    -webkit-box-pack: center;
    -webkit-justify-content: center;
    -ms-flex-pack: center;
    justify-content: center;
    height: 100%;
    left: 0;
    padding: 1.75rem 1.75rem;
    top: 0;
    touch-action: none;
    width: 100%;
    background: rgba(0,0,0,.3);
  }
}

@media (max-width:767px) {
  .c4 {
    height: auto !important;
    max-height: 100% !important;
    position: static;
    width: 100% !important;
  }
}

@media (max-width:767px) {
  .c1 {
    -webkit-align-items: center;
    -webkit-box-align: center;
    -ms-flex-align: center;
    align-items: center;
    will-change: opacity;
  }

  .c1.src-fixed-box-show {
    opacity: 0;
  }

  .c1.src-fixed-box-show-active {
    opacity: 1;
  }

  .c1.src-fixed-box-hide {
    opacity: 1;
  }

  .c1.src-fixed-box-hide-active {
    opacity: 0;
  }

  .c1.src-fixed-box-show-active,
  .c1.src-fixed-box-hide-active {
    -webkit-transition: opacity 300ms 0s ease-in-out;
    transition: opacity 300ms 0s ease-in-out;
  }
}

@media (min-width:768px) {
  .c1 > * {
    will-change: opacity,transform;
  }

  .c1.src-fixed-box-show > * {
    opacity: 0;
    -webkit-transform: translateY(60px);
    -ms-transform: translateY(60px);
    transform: translateY(60px);
  }

  .c1.src-fixed-box-show-active > * {
    opacity: 1;
    -webkit-transform: translateY(0);
    -ms-transform: translateY(0);
    transform: translateY(0);
  }

  .c1.src-fixed-box-hide > * {
    opacity: 1;
    -webkit-transform: translateY(0);
    -ms-transform: translateY(0);
    transform: translateY(0);
  }

  .c1.src-fixed-box-hide-active > * {
    opacity: 0;
    -webkit-transform: translateY(60px);
    -ms-transform: translateY(60px);
    transform: translateY(60px);
  }

  .c1.src-fixed-box-show-active > *,
  .c1.src-fixed-box-hide-active > * {
    -webkit-transition: 300ms 0s ease-in-out;
    transition: 300ms 0s ease-in-out;
    -webkit-transition-property: opacity,-webkit-transform;
    -webkit-transition-property: opacity,transform;
    transition-property: opacity,transform;
  }
}

<div
    class=" c0 c1 sc-bczRLJ sc-gsnTZi  c0"
  >
    <div
      class="c2"
      height="100%"
      width="100%"
    />
    <div
      class="c3 c4"
      overflow="initial,true"
      style="pointer-events: none; visibility: hidden;"
    >
      <div
        class="c5 c6"
      >
        <div
          class="c7"
          font-weight="$fontWeight.semibold"
        >
          Category
        </div>
        <div
          class="c8 c9"
          cursor="$cursor.dropdown"
          overflow="hidden"
        >
          Item 1
        </div>
        <div
          class="c8 c9"
          cursor="$cursor.dropdown"
          overflow="hidden"
        >
          Item 2
        </div>
        <div
          class="c8 c9"
          cursor="$cursor.dropdown"
          overflow="hidden"
        >
          Item 3
        </div>
      </div>
    </div>
  </div>
</DocumentFragment>
`;
