// Jest Snapshot v1, https://goo.gl/fbAQLP

exports[`<Dropdown /> should render component 1`] = `
<DocumentFragment>
  @media (max-width:767px) {

}

@media (max-width:767px) {

}

<button
    cursor="$cursor.dropdown"
  >
    Button
  </button>
  .c3 {
  height: 100%;
  left: 0;
  position: absolute;
  top: 0;
  width: 100%;
}

.c4 {
  overflow: initial !important;
}

.c6 {
  padding: .3125rem 0;
}

.c6 > div {
  font-size: .875rem;
  margin: .125rem .45rem;
  padding: .3125rem .3125rem;
}

.c8 {
  font-weight: 500;
}

.c9 {
  cursor: pointer;
  isolation: isolate;
  overflow: hidden;
  position: relative;
  -webkit-tap-highlight-color: transparent;
}

.c2 {
  position: fixed;
  z-index: 2000;
}

.c0 {
  position: fixed;
  z-index: 2000;
}

.c5 {
  overflow: auto;
  position: fixed;
  z-index: 1000;
}

.c1 > * {
  will-change: opacity,transform;
}

.c1.src-fixed-box-show > * {
  opacity: 0;
  -webkit-transform: translateY(60px);
  -ms-transform: translateY(60px);
  transform: translateY(60px);
}

.c1.src-fixed-box-show-active > * {
  opacity: 1;
  -webkit-transform: translateY(0);
  -ms-transform: translateY(0);
  transform: translateY(0);
}

.c1.src-fixed-box-hide > * {
  opacity: 1;
  -webkit-transform: translateY(0);
  -ms-transform: translateY(0);
  transform: translateY(0);
}

.c1.src-fixed-box-hide-active > * {
  opacity: 0;
  -webkit-transform: translateY(60px);
  -ms-transform: translateY(60px);
  transform: translateY(60px);
}

.c1.src-fixed-box-show-active > *,
.c1.src-fixed-box-hide-active > * {
  -webkit-transition: undefinedms 0s ease-in-out;
  transition: undefinedms 0s ease-in-out;
  -webkit-transition-property: opacity,-webkit-transform;
  -webkit-transition-property: opacity,transform;
  transition-property: opacity,transform;
}

.c10 {
  border-radius: .2rem;
  fill: currrentcolor;
  -webkit-transition: 100ms 0s ease-in-out;
  transition: 100ms 0s ease-in-out;
  -webkit-transition-property: background,color,fill;
  transition-property: background,color,fill;
}

.c10 .svg,
.c10 .svg .fill,
.c10 .svg .stroke {
  -webkit-transition: 100ms 0s ease-in-out;
  transition: 100ms 0s ease-in-out;
  -webkit-transition-property: fill,stroke;
  transition-property: fill,stroke;
}

.c10:hover {
  background: #0665d0;
  color: #fff;
}

.c10:hover .svg,
.c10:hover .svg .fill {
  fill: #fff;
}

.c10:hover .svg .stroke {
  stroke: #fff;
}

.c7 {
  border-radius: .2rem;
  box-shadow: 0 0 10px 1px rgba(154,161,171,.15);
  font-family: inherit;
  height: inherit;
  overflow: auto;
  -webkit-user-select: none;
  -moz-user-select: none;
  -ms-user-select: none;
  user-select: none;
  width: inherit;
  -webkit-overflow-scrolling: touch;
  background: #fff;
  color: #323a46;
  fill: #323a46;
}

.c7 > div {
  word-break: break-word;
  word-wrap: break-word;
}

@media (max-width:767px) {
  .c2 {
    box-sizing: border-box;
    display: -webkit-box;
    display: -webkit-flex;
    display: -ms-flexbox;
    display: flex;
    -webkit-box-pack: center;
    -webkit-justify-content: center;
    -ms-flex-pack: center;
    justify-content: center;
    height: 100%;
    left: 0;
    padding: 1.75rem 1.75rem;
    top: 0;
    touch-action: none;
    width: 100%;
    background: rgba(0,0,0,.3);
  }
}

@media (max-width:767px) {
  .c5 {
    height: auto !important;
    max-height: 100% !important;
    position: static;
    width: 100% !important;
  }
}

<div
    class=" c0 c1 sc-bczRLJ sc-gsnTZi  c2"
  >
    <div
      class="c3"
    />
    <div
      class="c4 c5"
      style="pointer-events: none; visibility: hidden;"
    >
      <div
        class="c6 c7"
      >
        <div
          class="c8"
        >
          Category
        </div>
        <div
          class="c9 c10"
        >
          Item 1
        </div>
        <div
          class="c9 c10"
        >
          Item 2
        </div>
        <div
          class="c9 c10"
        >
          Item 3
        </div>
      </div>
    </div>
  </div>
</DocumentFragment>
`;
