// Jest Snapshot v1, https://goo.gl/fbAQLP

exports[`<Radio /> should render component 1`] = `
<DocumentFragment>
  .c4 {
  height: 100%;
  left: 0;
  opacity: 0;
  pointer-events: none;
  position: absolute;
  top: 0;
  width: 100%;
}

.c0 {
  margin: 1rem .5rem;
}

.c0 > :last-child {
  font-size: 1rem;
  margin-left: 0.46874rem;
}

.c1 {
  -webkit-align-items: center;
  -webkit-box-align: center;
  -ms-flex-align: center;
  align-items: center;
  cursor: default;
  display: -webkit-inline-box;
  display: -webkit-inline-flex;
  display: -ms-inline-flexbox;
  display: inline-flex;
  -webkit-box-pack: justify;
  -webkit-justify-content: space-between;
  -ms-flex-pack: justify;
  justify-content: space-between;
  position: relative;
}

.c1 > :first-child {
  -webkit-flex: 0 0 auto;
  -ms-flex: 0 0 auto;
  flex: 0 0 auto;
}

.c1 > :last-child {
  color: #323a46;
  display: -webkit-inline-box;
  display: -webkit-inline-flex;
  display: -ms-inline-flexbox;
  display: inline-flex;
  -webkit-flex: 1 1 auto;
  -ms-flex: 1 1 auto;
  flex: 1 1 auto;
  font-family: inherit;
  word-break: break-word;
  word-wrap: break-word;
  -webkit-tap-highlight-color: transparent;
}

.c2 > svg {
  height: 16px;
  width: 16px;
}

.c2 > svg circle {
  cx: 8px;
  cy: 8px;
}

.c2 > svg .c5 {
  r: 7px;
}

.c2 > svg .c7 {
  r: 8px;
}

.c2 > svg .c9 {
  r: 1.6px;
}

.c6 {
  fill: #dbdbdb;
  stroke: #dbdbdb;
  stroke-width: 2px;
}

.c8 {
  fill: #0665d0;
  r: 0;
  -webkit-transition: r 200ms 0s ease-in-out;
  transition: r 200ms 0s ease-in-out;
}

.c10 {
  fill: #fff;
  -webkit-transition: r 200ms 0s ease-in-out;
  transition: r 200ms 0s ease-in-out;
}

.c3 {
  display: -webkit-inline-box;
  display: -webkit-inline-flex;
  display: -ms-inline-flexbox;
  display: inline-flex;
  position: relative;
}

<label
    class="c0 c1"
  >
    <div
      class="c2 c3"
    >
      <input
        checked=""
        class="c4"
        type="radio"
      />
      <svg>
        <circle
          class="c5 c6"
        />
        <circle
          class="c7 c8"
        />
        <circle
          class="c9 c10"
        />
      </svg>
    </div>
    <span>
      Label
    </span>
  </label>
</DocumentFragment>
`;
