// Jest Snapshot v1, https://goo.gl/fbAQLP

exports[`<Confirm /> should match snapshot 1`] = `
<div
  class="sc-AxjAm sc-AxirZ hSRXiD"
>
  <div
    class="sc-AxjAm sc-AxiKw ithbYY"
  >
    <header
      class="sc-AxhCb sc-AxhUy kbgGyV"
      display="flex"
    >
      <h3
        class="sc-AxgMl sc-AxheI bfrlKY"
      >
        Title
      </h3>
    </header>
    <div
      class="sc-AxjAm sc-Axmtr bjFBcY"
      overflow="auto"
    >
      Message
    </div>
    <footer
      class="sc-AxmLO sc-fzozJi fpawRA"
    >
      <a
        class="sc-fzpans sc-fzplWN hthroe"
        data-src-wave-effect="0"
        shape="default"
        tabindex="0"
      >
        Cancel
      </a>
      <a
        class="sc-fzpans sc-fzplWN bmbeFe"
        data-src-wave-effect="0"
        shape="default"
        tabindex="0"
      >
        OK
      </a>
    </footer>
  </div>
</div>
`;
