// Jest Snapshot v1, https://goo.gl/fbAQLP

exports[`<AlertIcon /> should render component 1`] = `
<DocumentFragment>
  .c0 {
  padding: 0 1.25rem;
}

.c0 > svg {
  height: 1rem;
  width: 1rem;
}

.c0 > i {
  font-size: 1rem;
}

.c1 {
  -webkit-align-items: center;
  -webkit-box-align: center;
  -ms-flex-align: center;
  align-items: center;
  -webkit-align-self: stretch;
  -ms-flex-item-align: stretch;
  align-self: stretch;
  display: -webkit-box;
  display: -webkit-flex;
  display: -ms-flexbox;
  display: flex;
  -webkit-flex: 0 0 auto;
  -ms-flex: 0 0 auto;
  flex: 0 0 auto;
  -webkit-box-pack: center;
  -webkit-justify-content: center;
  -ms-flex-pack: center;
  justify-content: center;
  color: #fff;
  fill: #fff;
}

<div
    class="c0 c1"
  >
    <svg />
  </div>
</DocumentFragment>
`;
